// Jest Snapshot v1, https://goo.gl/fbAQLP

exports[`Chart should match the snapshot 1`] = `
<div>
  <h2>
    Points Per Game - Last 10 Games
  </h2>
  <Line
    data={
      Object {
        "datasets": Array [
          Object {
            "backgroundColor": "rgba(75,192,192,0.4)",
            "borderCapStyle": "butt",
            "borderColor": "rgba(75,192,192,1)",
            "borderDash": Array [],
            "borderDashOffset": 0,
            "borderJoinStyle": "miter",
            "data": Array [
              undefined,
            ],
            "fill": false,
            "label": "Lebron James",
            "lineTension": 0.1,
            "pointBackgroundColor": "#fff",
            "pointBorderColor": "rgba(75,192,192,1)",
            "pointBorderWidth": 1,
            "pointHitRadius": 10,
            "pointHoverBackgroundColor": "rgba(75,192,192,1)",
            "pointHoverBorderColor": "rgba(220,220,220,1)",
            "pointHoverBorderWidth": 2,
            "pointHoverRadius": 5,
            "pointRadius": 1,
          },
          Object {
            "backgroundColor": "rgba(75,192,192,0.4)",
            "borderCapStyle": "butt",
            "borderColor": "rgba(75,192,192,1)",
            "borderDash": Array [],
            "borderDashOffset": 0,
            "borderJoinStyle": "miter",
            "data": Array [
              undefined,
            ],
            "fill": false,
            "label": "Nikola Jokic",
            "lineTension": 0.1,
            "pointBackgroundColor": "#fff",
            "pointBorderColor": "rgba(75,192,192,1)",
            "pointBorderWidth": 1,
            "pointHitRadius": 10,
            "pointHoverBackgroundColor": "rgba(75,192,192,1)",
            "pointHoverBorderColor": "rgba(220,220,220,1)",
            "pointHoverBorderWidth": 2,
            "pointHoverRadius": 5,
            "pointRadius": 1,
          },
        ],
        "labels": Array [
          "Game 1",
        ],
      }
    }
  />
</div>
`;
