// Jest Snapshot v1, https://goo.gl/fbAQLP

exports[`App should match the snapshot 1`] = `
<div
  className="App"
>
  <Connect(NavBar) />
  <Route
    exact={true}
    path="/"
    render={[Function]}
  />
  <Route
    component={
      Object {
        "$$typeof": Symbol(react.memo),
        "WrappedComponent": [Function],
        "compare": null,
        "displayName": "Connect(PlayerStats)",
        "type": [Function],
      }
    }
    exact={true}
    path="/player/:id"
  />
</div>
`;
