// Jest Snapshot v1, https://goo.gl/fbAQLP

exports[`NavBar should match the snapshot 1`] = `
<div
  className="NavBar"
>
  <h1>
    NBA Stats
  </h1>
  <form>
    <input
      className="firstNameInput"
      name="firstName"
      onChange={[Function]}
      placeholder="Player's first name, e.g. LeBron"
      type="text"
    />
    <input
      className="lastNameInput"
      name="lastName"
      onChange={[Function]}
      placeholder="Player's last name, e.g. James"
      type="text"
    />
    <button
      onClick={[Function]}
    >
      Search
    </button>
  </form>
</div>
`;
