// Jest Snapshot v1, https://goo.gl/fbAQLP

exports[`Main should match the snapshot 1`] = `
<div
  className="Main"
>
  <button
    onClick={[Function]}
  >
    Compare Players
  </button>
  <Card
    key="237"
    player={
      Object {
        "first_name": "Lebron",
        "height_feet": 6,
        "height_inches": 8,
        "id": 237,
        "last_name": "James",
        "position": "F",
        "team": Object {
          "full_name": "Los Angeles Lakers",
        },
        "weight_pounds": 250,
      }
    }
  />
  0
</div>
`;
